{"schema_version":1,"tool":"autorepro","tool_version":"0.0.1","root":".","detected":[],"languages":{}}
