{"schema_version":1,"tool":"autorepro","tool_version":"0.0.1","root":".","detected":["python"],"languages":{"python":{"reasons":[{"kind":"source","path":"./a.py","pattern":"*.py","weight":1}],"score":1}}}
