Detected: node, python
- node -> pnpm-lock.yaml
- python -> pyproject.toml
