{"detected":["node"],"languages":{"node":{"reasons":[{"kind":"lock","path":"./pnpm-lock.yaml","pattern":"pnpm-lock.yaml","weight":4}],"score":4}},"root":".","schema_version":1,"tool":"autorepro","tool_version":"0.0.1"}
