{"schema_version":1,"tool":"autorepro","tool_version":"0.0.1","root":".","detected":["python"],"languages":{"python":{"reasons":[{"kind":"config","path":"./pyproject.toml","pattern":"pyproject.toml","weight":3}],"score":3}}}
