{"title":"Something Is Broken And Needs Debugging","assumptions":["Standard development environment"],"needs":{"devcontainer_present":false},"commands":[],"next_steps":["Run the suggested commands in order of priority","Check logs and error messages for patterns","Review environment setup if commands fail","Document any additional reproduction steps found"]}
