{"assumptions":["Project uses python based on detected files"],"commands":[{"cmd":"pytest -q","matched_keywords":["pytest"],"matched_langs":["python"],"rationale":"matched keywords: pytest; detected langs: python; bonuses: direct: pytest (+3), lang: python (+2), specific (+1)","score":6},{"cmd":"python -m pytest -q","matched_keywords":["pytest"],"matched_langs":["python"],"rationale":"matched keywords: pytest; detected langs: python; bonuses: direct: pytest (+3), lang: python (+2), specific (+1)","score":6},{"cmd":"pytest","matched_keywords":["pytest"],"matched_langs":["python"],"rationale":"matched keywords: pytest; detected langs: python; bonuses: direct: pytest (+3), lang: python (+2)","score":5},{"cmd":"python -m unittest -v","matched_keywords":[],"matched_langs":["python"],"rationale":"detected langs: python; bonuses: lang: python (+2), specific (+1)","score":3},{"cmd":"tox -e py311","matched_keywords":[],"matched_langs":["python"],"rationale":"detected langs: python; bonuses: lang: python (+2), specific (+1)","score":3}],"needs":{"devcontainer_present":false},"next_steps":["Run the suggested commands in order of priority","Check logs and error messages for patterns","Review environment setup if commands fail","Document any additional reproduction steps found"],"schema_version":1,"title":"Pytest Tests Are Failing With Assertion Errors In","tool":"autorepro","tool_version":"0.0.1"}
