npm test failing on jest watch mode with timeout errors
