{"detected":["python"],"languages":{"python":{"files_sample":["./pyproject.toml"],"reasons":[{"kind":"config","path":"./pyproject.toml","pattern":"pyproject.toml","weight":3}],"score":3}},"root":".","schema_version":1,"tool":"autorepro","tool_version":"0.0.1"}
